// Jest Snapshot v1, https://goo.gl/fbAQLP

exports[`feature-masterchain should deploy to the workchain 1`] = `
[
  {
    "$seq": 0,
    "events": [
      {
        "$type": "deploy",
      },
      {
        "$type": "received",
        "message": {
          "body": {
            "text": "Deploy",
            "type": "text",
          },
          "bounce": true,
          "from": "@treasure(treasure)",
          "to": "kQAO2crrXfIF86eta61m_1T1mY6FBHgLe-D0cJoMB-Ts9ACi",
          "type": "internal",
          "value": 10000000000n,
        },
      },
      {
        "$type": "processed",
        "gasUsed": 3825n,
      },
    ],
  },
]
`;

exports[`feature-masterchain should deploy to the workchain from masterchain when masterchain enabled 1`] = `
[
  {
    "$seq": 0,
    "events": [
      {
        "$type": "deploy",
      },
      {
        "$type": "received",
        "message": {
          "body": {
            "text": "Deploy",
            "type": "text",
          },
          "bounce": true,
          "from": "@treasure(treasure)",
          "to": "kQBYkMtStjXUj47_fV75nMyqHwfd_2du9vuTb3yCKAZU7UqR",
          "type": "internal",
          "value": 10000000000n,
        },
      },
      {
        "$type": "processed",
        "gasUsed": 3689n,
      },
    ],
  },
]
`;

exports[`feature-masterchain should deploy to the workchain when masterchain enabled 1`] = `
[
  {
    "$seq": 0,
    "events": [
      {
        "$type": "deploy",
      },
      {
        "$type": "received",
        "message": {
          "body": {
            "text": "Deploy",
            "type": "text",
          },
          "bounce": true,
          "from": "@treasure(treasure)",
          "to": "kQBYkMtStjXUj47_fV75nMyqHwfd_2du9vuTb3yCKAZU7UqR",
          "type": "internal",
          "value": 10000000000n,
        },
      },
      {
        "$type": "processed",
        "gasUsed": 3689n,
      },
    ],
  },
]
`;

exports[`feature-masterchain should not deploy to the workchain from masterchain 1`] = `
[
  {
    "$seq": 0,
    "events": [
      {
        "$type": "deploy",
      },
      {
        "$type": "received",
        "message": {
          "body": {
            "text": "Deploy",
            "type": "text",
          },
          "bounce": true,
          "from": "@treasure(treasure)",
          "to": "kQAO2crrXfIF86eta61m_1T1mY6FBHgLe-D0cJoMB-Ts9ACi",
          "type": "internal",
          "value": 10000000000n,
        },
      },
      {
        "$type": "failed",
        "errorCode": 137,
        "errorMessage": "Masterchain support is not enabled for this contract",
      },
      {
        "$type": "sent-bounced",
        "message": {
          "body": {
            "cell": "x{FFFFFFFF000000004465706C6F79}",
            "type": "cell",
          },
          "bounce": false,
          "from": "kQAO2crrXfIF86eta61m_1T1mY6FBHgLe-D0cJoMB-Ts9ACi",
          "to": "@treasure(treasure)",
          "type": "internal",
          "value": 9989000000n,
        },
      },
    ],
  },
]
`;
