// Jest Snapshot v1, https://goo.gl/fbAQLP

exports[`increment should deploy 1`] = `
[
  {
    "$seq": 0,
    "events": [
      {
        "$type": "deploy",
      },
      {
        "$type": "received",
        "message": {
          "body": {
            "cell": "x{946A98B60000000000000000}",
            "type": "cell",
          },
          "bounce": true,
          "from": "@treasure(treasure)",
          "to": "kQBpCba8uF0Sn8xWqQ4Lz7RiM26EYc79nXLe97_iRJoM2Gmy",
          "type": "internal",
          "value": 10000000000n,
        },
      },
      {
        "$type": "processed",
        "gasUsed": 8161n,
      },
      {
        "$type": "sent",
        "messages": [
          {
            "body": {
              "cell": "x{AFF90F570000000000000000}",
              "type": "cell",
            },
            "bounce": true,
            "from": "kQBpCba8uF0Sn8xWqQ4Lz7RiM26EYc79nXLe97_iRJoM2Gmy",
            "to": "@treasure(treasure)",
            "type": "internal",
            "value": 9990643000n,
          },
        ],
      },
    ],
  },
]
`;

exports[`increment should deploy 2`] = `
[
  {
    "$seq": 1,
    "events": [
      {
        "$type": "received",
        "message": {
          "body": {
            "cell": "x{20064F3B00000000000000000000000000000000000000000000000000000000000000007FFFFFFFFFFFFFFFFFFFFFFFFFFFFFFFFFFFFFFFFFFFFFFFFFFFFFFFFFFFFECC2_}",
            "type": "cell",
          },
          "bounce": true,
          "from": "@treasure(treasure)",
          "to": "kQBpCba8uF0Sn8xWqQ4Lz7RiM26EYc79nXLe97_iRJoM2Gmy",
          "type": "internal",
          "value": 10000000000n,
        },
      },
      {
        "$type": "processed",
        "gasUsed": 5991n,
      },
    ],
  },
]
`;
