// Jest Snapshot v1, https://goo.gl/fbAQLP

exports[`muiltisig-3 should deploy 1`] = `
[
  {
    "$seq": 0,
    "events": [
      {
        "$type": "deploy",
      },
      {
        "$type": "received",
        "message": {
          "body": {
            "text": "Deploy",
            "type": "text",
          },
          "bounce": true,
          "from": "@treasure(treasure)",
          "to": "kQAJzq5KE8BlP4wC_35QNfBXeKO5V_-f82L4m8U5untME305",
          "type": "internal",
          "value": 10000000000n,
        },
      },
      {
        "$type": "processed",
        "gasUsed": 4357n,
      },
    ],
  },
]
`;
